// Jest Snapshot v1, https://goo.gl/fbAQLP

exports[`with-timeout throws if timesout 1`] = `"TIMED_OUT"`;
